// Vitest Snapshot v1, https://vitest.dev/guide/snapshot.html

exports[`OperationGenerator > 'createPet with unknownType any' 1`] = `
"/**
 * @description Null response
 */
export const createPets201 = z.any()

/**
 * @description unexpected error
 */
export const createPetsError = z.lazy(() => error)

export const createPetsMutationRequest = z.object({"name": z.string(),"tag": z.string()})

export const createPetsMutationResponse = z.any()"
`;

exports[`OperationGenerator > 'createPet' 1`] = `
"/**
 * @description Null response
 */
export const createPets201 = z.any()

/**
 * @description unexpected error
 */
export const createPetsError = z.lazy(() => error)

export const createPetsMutationRequest = z.object({"name": z.string(),"tag": z.string()})

export const createPetsMutationResponse = z.any()"
`;

exports[`OperationGenerator > 'deletePet' 1`] = `"export const deletePetsPetidMutationResponse = z.any()"`;

exports[`OperationGenerator > 'getPets' 1`] = `
"export const listPetsQueryParams = z.object({"limit": z.string().describe("How many items to return at one time (max 100)").optional()}).optional()

/**
 * @description A paged array of pets
 */
export const listPets200 = z.lazy(() => pets)

/**
 * @description unexpected error
 */
export const listPetsError = z.lazy(() => error)

/**
 * @description A paged array of pets
 */
export const listPetsQueryResponse = z.lazy(() => pets)"
`;

exports[`OperationGenerator > 'showPetById' 1`] = `
"export const showPetByIdPathParams = z.object({"petId": z.string().describe("The id of the pet to retrieve"),"testId": z.string().describe("The id of the pet to retrieve")})

/**
 * @description Expected response to a valid request
 */
export const showPetById200 = z.lazy(() => pet)

/**
 * @description unexpected error
 */
export const showPetByIdError = z.lazy(() => error)

/**
 * @description Expected response to a valid request
 */
export const showPetByIdQueryResponse = z.lazy(() => pet)"
`;
