// Vitest Snapshot v1, https://vitest.dev/guide/snapshot.html

exports[`Oas filter > Filtering on operationId 1`] = `
"openapi: 3.0.3
info:
  title: Swagger Petstore - OpenAPI 3.0
  description: >-
    This is a sample Pet Store Server based on the OpenAPI 3.0 specification. 
    You can find out more about

    Swagger at [https://swagger.io](https://swagger.io). In the third iteration
    of the pet store, we've switched to the design first approach!

    You can now help us improve the API whether it's by making changes to the
    definition itself or to the code.

    That way, with time, we can improve the API in general, and expose some of
    the new features in OAS3.


    Some useful links:

    - [The Pet Store
    repository](https://github.com/swagger-api/swagger-petstore)

    - [The source API definition for the Pet
    Store](https://github.com/swagger-api/swagger-petstore/blob/master/src/main/resources/openapi.yaml)
  termsOfService: 'http://swagger.io/terms/'
  contact:
    email: apiteam@swagger.io
  license:
    name: Apache 2.0
    url: 'http://www.apache.org/licenses/LICENSE-2.0.html'
  version: 1.0.11
servers:
  - url: 'https://petstore3.swagger.io/api/v3'
paths:
  /pet:
    put:
      operationId: updatePet
      summary: Update an existing pet
      description: Update an existing pet by Id
      requestBody:
        description: Update an existent pet in the store
        required: true
        content:
          application/json:
            schema:
              $ref: '#/components/schemas/Pet'
          application/x-www-form-urlencoded:
            schema:
              $ref: '#/components/schemas/Pet'
          application/xml:
            schema:
              $ref: '#/components/schemas/Pet'
      responses:
        '200':
          description: Successful operation
          content:
            application/json:
              schema:
                $ref: '#/components/schemas/Pet'
            application/xml:
              schema:
                $ref: '#/components/schemas/Pet'
        '400':
          description: Invalid ID supplied
        '404':
          description: Pet not found
        '405':
          description: Validation exception
      security:
        - petstore_auth:
            - 'write:pets'
            - 'read:pets'
      tags:
        - pet
components:
  schemas:
    Category:
      type: object
      properties:
        id:
          type: integer
          format: int64
          example: 1
        name:
          type: string
          example: Dogs
      xml:
        name: category
    tag.Tag:
      type: object
      properties:
        id:
          type: integer
          format: int64
        name:
          type: string
      xml:
        name: tag
    Pet:
      type: object
      properties:
        id:
          type: integer
          format: int64
          example: 10
          readOnly: true
        name:
          type: string
          example: doggie
          writeOnly: true
        category:
          $ref: '#/components/schemas/Category'
        photoUrls:
          type: array
          items:
            type: string
            xml:
              name: photoUrl
          xml:
            wrapped: true
        tags:
          type: array
          items:
            $ref: '#/components/schemas/tag.Tag'
          xml:
            wrapped: true
        status:
          description: pet status in the store
          type: string
          enum:
            - available
            - pending
            - sold
      required:
        - name
        - photoUrls
      xml:
        name: pet
  securitySchemes:
    petstore_auth:
      type: oauth2
      flows:
        implicit:
          authorizationUrl: 'https://petstore3.swagger.io/oauth/authorize'
          scopes:
            'write:pets': modify pets in your account
            'read:pets': read your pets
    api_key:
      type: apiKey
      name: api_key
      in: header
tags:
  - name: pet
    description: Everything about your Pets
    externalDocs:
      description: Find out more
      url: 'http://swagger.io'
  - name: store
    description: Access to Petstore orders
    externalDocs:
      description: Find out more about our store
      url: 'http://swagger.io'
  - name: user
    description: Operations about user
externalDocs:
  description: Find out more about Swagger
  url: 'http://swagger.io'
"
`;
