// Vitest Snapshot v1, https://vitest.dev/guide/snapshot.html

exports[`fakerGenerator operation > 'createPet' 1`] = `
"/**
 * @description Null response
 */
export function createPets201(): NonNullable<CreatePets201> {
  
  return unknown
}

/**
 * @description unexpected error
 */
export function createPetsError(): NonNullable<CreatePetsError> {
  
  return error()
}

export function createPetsMutationRequest(data: NonNullable<Partial<CreatePetsMutationRequest>> = {}): NonNullable<CreatePetsMutationRequest> {
  
  return {
      ...{"name": faker.string.alpha(),"tag": faker.string.alpha()},
      ...data
    }
}

export function createPetsMutationResponse(): NonNullable<CreatePetsMutationResponse> {
  
  return unknown
}"
`;

exports[`fakerGenerator operation > 'getPets' 1`] = `
"export function listPetsQueryParams(data: NonNullable<Partial<ListPetsQueryParams>> = {}): NonNullable<ListPetsQueryParams> {
  
  return {
      ...{"limit": faker.string.alpha()},
      ...data
    }
}

/**
 * @description A paged array of pets
 */
export function listPets200(): NonNullable<ListPets200> {
  
  return pets()
}

/**
 * @description unexpected error
 */
export function listPetsError(): NonNullable<ListPetsError> {
  
  return error()
}

/**
 * @description A paged array of pets
 */
export function listPetsQueryResponse(): NonNullable<ListPetsQueryResponse> {
  
  return pets()
}"
`;

exports[`fakerGenerator operation > 'showPetById' 1`] = `
"export function showPetByIdPathParams(data: NonNullable<Partial<ShowPetByIdPathParams>> = {}): NonNullable<ShowPetByIdPathParams> {
  
  return {
      ...{"petId": faker.string.alpha(),"testId": faker.string.alpha()},
      ...data
    }
}

/**
 * @description Expected response to a valid request
 */
export function showPetById200(): NonNullable<ShowPetById200> {
  
  return pet()
}

/**
 * @description unexpected error
 */
export function showPetByIdError(): NonNullable<ShowPetByIdError> {
  
  return error()
}

/**
 * @description Expected response to a valid request
 */
export function showPetByIdQueryResponse(): NonNullable<ShowPetByIdQueryResponse> {
  
  return pet()
}"
`;

exports[`fakerGenerator schema > 'Pet' 1`] = `
"export function pet(data: NonNullable<Partial<Pet>> = {}): NonNullable<Pet> {
  
  return {
      ...{"id": faker.number.int(),"name": faker.string.alpha(),"tag": faker.string.alpha(),"code": faker.helpers.arrayElement<any>([faker.string.alpha(), faker.helpers.fromRegExp(new RegExp('\\\\b[1-9]\\\\b'))]),"shipDate": faker.date.anytime(),"shipTime": faker.date.anytime()},
      ...data
    }
}"
`;

exports[`fakerGenerator schema > 'Pets' 1`] = `
"export function pets(data: NonNullable<Partial<Pets>> = []): NonNullable<Pets> {
  
  return [
          ...faker.helpers.arrayElements([pet()]) as any,
          ...data
        ]
}"
`;
