// Vitest Snapshot v1, https://vitest.dev/guide/snapshot.html

exports[`OperationGenerator > 'createPet with unknownType unknown' 1`] = `
"/**
 * @description Null response
*/
export type CreatePets201 = (Error & {
    name?: ErrorCode;
});

/**
 * @description unexpected error
*/
export type CreatePetsError = Error;

export type CreatePetsMutationRequest = {
    /**
     * @type string
    */
    name: string;
    /**
     * @type string
    */
    tag: string;
};

/**
 * @description Null response
*/
export type CreatePetsMutationResponse = (Error & {
    name?: ErrorCode;
});

export type CreatePetsMutation = {
    Response: CreatePetsMutationResponse;
    Request: CreatePetsMutationRequest;
};"
`;

exports[`OperationGenerator > 'createPet' 1`] = `
"/**
 * @description Null response
*/
export type CreatePets201 = (Error & {
    name?: ErrorCode;
});

/**
 * @description unexpected error
*/
export type CreatePetsError = Error;

export type CreatePetsMutationRequest = {
    /**
     * @type string
    */
    name: string;
    /**
     * @type string
    */
    tag: string;
};

/**
 * @description Null response
*/
export type CreatePetsMutationResponse = (Error & {
    name?: ErrorCode;
});

export type CreatePetsMutation = {
    Response: CreatePetsMutationResponse;
    Request: CreatePetsMutationRequest;
};"
`;

exports[`OperationGenerator > 'deletePet' 1`] = `
"export type DeletePetsPetidMutationResponse = any;

export type DeletePetsPetidMutation = {
    Response: DeletePetsPetidMutationResponse;
};"
`;

exports[`OperationGenerator > 'getPets' 1`] = `
"export type ListPetsQueryParams = {
    /**
     * @description How many items to return at one time (max 100)
     * @type string | undefined
    */
    limit?: string;
};

/**
 * @description A paged array of pets
*/
export type ListPets200 = Pets;

/**
 * @description unexpected error
*/
export type ListPetsError = Error;

/**
 * @description A paged array of pets
*/
export type ListPetsQueryResponse = Pets;

export type ListPetsQuery = {
    Response: ListPetsQueryResponse;
    QueryParams: ListPetsQueryParams;
};"
`;

exports[`OperationGenerator > 'showPetById' 1`] = `
"export type ShowPetByIdPathParams = {
    /**
     * @description The id of the pet to retrieve
     * @type string
    */
    petId: string;
    /**
     * @description The id of the pet to retrieve
     * @type string
    */
    testId: string;
};

/**
 * @description Expected response to a valid request
*/
export type ShowPetById200 = Pet;

/**
 * @description unexpected error
*/
export type ShowPetByIdError = Error;

/**
 * @description Expected response to a valid request
*/
export type ShowPetByIdQueryResponse = Pet;

export type ShowPetByIdQuery = {
    Response: ShowPetByIdQueryResponse;
    PathParams: ShowPetByIdPathParams;
};"
`;
