// Vitest Snapshot v1, https://vitest.dev/guide/snapshot.html

exports[`TypeScript SchemaGenerator > 'Body_upload_file_api_assets_post' 1`] = `""`;

exports[`TypeScript SchemaGenerator > 'CatTypeAsConst' 1`] = `""`;

exports[`TypeScript SchemaGenerator > 'DogTypeAsConst' 1`] = `""`;

exports[`TypeScript SchemaGenerator > 'EnumAllOf' 1`] = `""`;

exports[`TypeScript SchemaGenerator > 'EnumArray' 1`] = `""`;

exports[`TypeScript SchemaGenerator > 'EnumInObject' 1`] = `""`;

exports[`TypeScript SchemaGenerator > 'EnumItems' 1`] = `""`;

exports[`TypeScript SchemaGenerator > 'EnumNames' 1`] = `""`;

exports[`TypeScript SchemaGenerator > 'EnumNamesConst' 1`] = `""`;

exports[`TypeScript SchemaGenerator > 'EnumNamesLiteral' 1`] = `""`;

exports[`TypeScript SchemaGenerator > 'EnumNamesPascalConst' 1`] = `""`;

exports[`TypeScript SchemaGenerator > 'EnumNamesType' 1`] = `""`;

exports[`TypeScript SchemaGenerator > 'EnumNullableMember' 1`] = `""`;

exports[`TypeScript SchemaGenerator > 'EnumNullableType' 1`] = `""`;

exports[`TypeScript SchemaGenerator > 'EnumString' 1`] = `""`;

exports[`TypeScript SchemaGenerator > 'EnumVarNamesType' 1`] = `""`;

exports[`TypeScript SchemaGenerator > 'MixedValueTypeConst' 1`] = `""`;

exports[`TypeScript SchemaGenerator > 'NullConstNull' 1`] = `""`;

exports[`TypeScript SchemaGenerator > 'Nullable' 1`] = `""`;

exports[`TypeScript SchemaGenerator > 'NumberValueConst' 1`] = `""`;

exports[`TypeScript SchemaGenerator > 'PetQuestionToken' 1`] = `""`;

exports[`TypeScript SchemaGenerator > 'PetQuestionTokenAndUndefined' 1`] = `""`;

exports[`TypeScript SchemaGenerator > 'PetUndefined' 1`] = `""`;

exports[`TypeScript SchemaGenerator > 'Pets' 1`] = `""`;

exports[`TypeScript SchemaGenerator > 'PetsStoreDiscriminator' 1`] = `""`;

exports[`TypeScript SchemaGenerator > 'PetsStoreRef' 1`] = `""`;

exports[`TypeScript SchemaGenerator > 'Plain_dateDate' 1`] = `""`;

exports[`TypeScript SchemaGenerator > 'Plain_dateString' 1`] = `""`;

exports[`TypeScript SchemaGenerator > 'Plain_email' 1`] = `""`;

exports[`TypeScript SchemaGenerator > 'Plain_file' 1`] = `""`;

exports[`TypeScript SchemaGenerator > 'Plain_timeDate' 1`] = `""`;

exports[`TypeScript SchemaGenerator > 'Plain_uuid' 1`] = `""`;

exports[`TypeScript SchemaGenerator > 'StringValueConst' 1`] = `""`;
