// Vitest Snapshot v1, https://vitest.dev/guide/snapshot.html

exports[`OperationGenerator > [GET] should generate code based on a operation and optionalType \`questionToken\` 1`] = `
"export type ListPetsQueryParams = {
  /**
   * @description How many items to return at one time (max 100)
   * @type string | undefined
   */
  limit?: string
}

/**
 * @description unexpected error
 */
export type ListPetsError = Error

/**
 * @description A paged array of pets
 */
export type ListPetsQueryResponse = Pets
export namespace listPetsQuery {
  export type Response = ListPetsQueryResponse
  export type QueryParams = ListPetsQueryParams
  export type Errors = ListPetsError
}
"
`;

exports[`OperationGenerator > [GET] should generate code based on a operation and optionalType \`questionToken\` 2`] = `
"export type ShowPetByIdPathParams = {
  /**
   * @description The id of the pet to retrieve
   * @type string
   */
  petId: string
  /**
   * @description The id of the pet to retrieve
   * @type string
   */
  testId: string
}

/**
 * @description unexpected error
 */
export type ShowPetByIdError = Error

/**
 * @description Expected response to a valid request
 */
export type ShowPetByIdQueryResponse = Pet
export namespace showPetByIdQuery {
  export type Response = ShowPetByIdQueryResponse
  export type PathParams = ShowPetByIdPathParams
  export type Errors = ShowPetByIdError
}
"
`;

exports[`OperationGenerator > [POST] should generate code based on a operation 1`] = `
"/**
 * @description Null response
 */
export type CreatePets201 = any | null

export type CreatePetsMutationRequest = {
  /**
   * @type string
   */
  name: string
  /**
   * @type string
   */
  tag: string
}

export type CreatePetsMutationResponse = any | null

/**
 * @description unexpected error
 */
export type CreatePetsError = Error
export namespace createPetsMutation {
  export type Response = CreatePetsMutationResponse
  export type Request = CreatePetsMutationRequest
  export type Errors = CreatePets201 | CreatePetsError
}
"
`;
