// Vitest Snapshot v1, https://vitest.dev/guide/snapshot.html

exports[`<Query/> > showPetById 1`] = `
"export function createShowPetByIdPathParams(override: NonNullable<Partial<ShowPetByIdPathParams>> = {}): NonNullable<ShowPetByIdPathParams> {
  return {
    ...{ petId: faker.string.alpha(), testId: faker.string.alpha() },
    ...override,
  }
}

/**
 * @description Expected response to a valid request
 */

export function createShowPetByIdQueryResponse(override?: NonNullable<Partial<ShowPetByIdQueryResponse>>): NonNullable<ShowPetByIdQueryResponse> {
  return createPet(override)
}
"
`;
