// Vitest Snapshot v1, https://vitest.dev/guide/snapshot.html

exports[`parseZodMeta > 'and' 1`] = `"z.string().and(z.number())"`;

exports[`parseZodMeta > 'any' 1`] = `"z.any()"`;

exports[`parseZodMeta > 'array' 1`] = `"z.array(z.union([z.string(), z.number()]))"`;

exports[`parseZodMeta > 'arrayAdvanced' 1`] = `"z.array(z.number().min(1)).min(3).max(10)"`;

exports[`parseZodMeta > 'arrayEmpty' 1`] = `"z.array()"`;

exports[`parseZodMeta > 'arrayRef' 1`] = `"z.array(z.lazy(() => Pet))"`;

exports[`parseZodMeta > 'blob' 1`] = `undefined`;

exports[`parseZodMeta > 'boolean' 1`] = `"z.boolean()"`;

exports[`parseZodMeta > 'catchall' 1`] = `"z.object({}).catchall(z.lazy(() => Pet))"`;

exports[`parseZodMeta > 'date' 1`] = `"z.date()"`;

exports[`parseZodMeta > 'datetime' 1`] = `"z.string().datetime()"`;

exports[`parseZodMeta > 'default' 1`] = `".default()"`;

exports[`parseZodMeta > 'default' 2`] = `".default(default)"`;

exports[`parseZodMeta > 'enum' 1`] = `"z.enum(["A", "B", "C", "2"])"`;

exports[`parseZodMeta > 'matches' 1`] = `".regex(new RegExp('^[A-Z]{2}$'))"`;

exports[`parseZodMeta > 'matchesReg' 1`] = `".regex(new RegExp('node_modules'))"`;

exports[`parseZodMeta > 'max' 1`] = `".max(2)"`;

exports[`parseZodMeta > 'min' 1`] = `".min(2)"`;

exports[`parseZodMeta > 'nullable' 1`] = `".nullable()"`;

exports[`parseZodMeta > 'number' 1`] = `"z.number()"`;

exports[`parseZodMeta > 'object' 1`] = `"z.object({"firstName": z.string().min(2),"address": z.string().describe("Your address").nullable()})"`;

exports[`parseZodMeta > 'objectAnd' 1`] = `"z.object({"firstName": z.string().min(2).default(test),"age": z.number().min(2).default(2),"address": z.string().and(z.number()).describe("Your address").nullable()})"`;

exports[`parseZodMeta > 'objectEmpty' 1`] = `"z.object({})"`;

exports[`parseZodMeta > 'objectOptional' 1`] = `"z.object({"firstName": z.string().min(2).optional(),"address": z.string().describe("Your address").nullable()})"`;

exports[`parseZodMeta > 'ref' 1`] = `"z.lazy(() => Pet)"`;

exports[`parseZodMeta > 'string' 1`] = `"z.string()"`;

exports[`parseZodMeta > 'tuple' 1`] = `"z.tuple([])"`;

exports[`parseZodMeta > 'tupleMulti' 1`] = `"z.tuple([z.string(), z.number()])"`;

exports[`parseZodMeta > 'undefined' 1`] = `"z.undefined()"`;

exports[`parseZodMeta > 'union' 1`] = `"z.union([z.string(), z.number()])"`;

exports[`parseZodMeta > 'unionOne' 1`] = `"z.string()"`;

exports[`parseZodMeta > 'unknown' 1`] = `"z.unknown()"`;

exports[`zodParser > 'Object' 1`] = `
"
export const Object = z.object({"firstName": z.string().min(2).default(test),"age": z.number().min(2).default(2),"address": z.string().and(z.number()).describe("Your address").nullable()}).describe("Your address").nullable()
"
`;

exports[`zodParser > 'Order' 1`] = `
"
export const Order = z.object({"status": z.enum(["placed", "approved"])})
"
`;

exports[`zodParser > 'Record' 1`] = `
"
export const Record = z.object({}).catchall(z.number()).optional()
"
`;

exports[`zodParser > 'Upload' 1`] = `
"
export const Upload = 
"
`;
