// Vitest Snapshot v1, https://vitest.dev/guide/snapshot.html

exports[`<Mutation/> > pets 1`] = `""`;
